// Jest Snapshot v1, https://goo.gl/fbAQLP

exports[`Pruebas en <GifItem /> debe de hacer match con el snapshot  1`] = `
<div>
  <div
    class="card"
  >
    <img
      alt="Hola soy el título"
      src="https://soylaurl.com/api"
    />
    <p>
      Hola soy el título
    </p>
  </div>
</div>
`;
